#
# Copyright 2016-2017, Intel Corporation
#
# Redistribution and use in source and binary forms, with or without
# modification, are permitted provided that the following conditions
# are met:
#
#     * Redistributions of source code must retain the above copyright
#       notice, this list of conditions and the following disclaimer.
#
#     * Redistributions in binary form must reproduce the above copyright
#       notice, this list of conditions and the following disclaimer in
#       the documentation and/or other materials provided with the
#       distribution.
#
#     * Neither the name of the copyright holder nor the names of its
#       contributors may be used to endorse or promote products derived
#       from this software without specific prior written permission.
#
# THIS SOFTWARE IS PROVIDED BY THE COPYRIGHT HOLDERS AND CONTRIBUTORS
# "AS IS" AND ANY EXPRESS OR IMPLIED WARRANTIES, INCLUDING, BUT NOT
# LIMITED TO, THE IMPLIED WARRANTIES OF MERCHANTABILITY AND FITNESS FOR
# A PARTICULAR PURPOSE ARE DISCLAIMED. IN NO EVENT SHALL THE COPYRIGHT
# OWNER OR CONTRIBUTORS BE LIABLE FOR ANY DIRECT, INDIRECT, INCIDENTAL,
# SPECIAL, EXEMPLARY, OR CONSEQUENTIAL DAMAGES (INCLUDING, BUT NOT
# LIMITED TO, PROCUREMENT OF SUBSTITUTE GOODS OR SERVICES; LOSS OF USE,
# DATA, OR PROFITS; OR BUSINESS INTERRUPTION) HOWEVER CAUSED AND ON ANY
# THEORY OF LIABILITY, WHETHER IN CONTRACT, STRICT LIABILITY, OR TORT
# (INCLUDING NEGLIGENCE OR OTHERWISE) ARISING IN ANY WAY OUT OF THE USE
# OF THIS SOFTWARE, EVEN IF ADVISED OF THE POSSIBILITY OF SUCH DAMAGE.
#

#
# src/libpmemfile-posix/libpmemfile-posix.map -- linker map file for libpmemfile-posix
#
{
	global:
		pmemfile_access;
		pmemfile_chdir;
		pmemfile_chmod;
		pmemfile_chown;
		pmemfile_close;
		pmemfile_copy_file_range;
		pmemfile_create;
		pmemfile_dup;
		pmemfile_dup2;
		pmemfile_errormsg;
		pmemfile_euidaccess;
		pmemfile_faccessat;
		pmemfile_fchdir;
		pmemfile_fchmod;
		pmemfile_fchmodat;
		pmemfile_fchown;
		pmemfile_fchownat;
		pmemfile_fcntl;
		pmemfile_flock;
		pmemfile_fstat;
		pmemfile_fstatat;
		pmemfile_ftruncate;
		pmemfile_futimens;
		pmemfile_futimes;
		pmemfile_getcwd;
		pmemfile_getdents;
		pmemfile_getdents64;
		pmemfile_getgroups;
		pmemfile_get_dir_path;
		pmemfile_lchown;
		pmemfile_link;
		pmemfile_linkat;
		pmemfile_lseek;
		pmemfile_lstat;
		pmemfile_lstat;
		pmemfile_lutimes;
		pmemfile_mkdir;
		pmemfile_mkdirat;
		pmemfile_mkfs;
		pmemfile_open_parent;
		pmemfile_open;
		pmemfile_openat;
		pmemfile_pool_close;
		pmemfile_pool_open;
		pmemfile_pread;
		pmemfile_preadv;
		pmemfile_pwrite;
		pmemfile_pwritev;
		pmemfile_read;
		pmemfile_readlink;
		pmemfile_readlinkat;
		pmemfile_readv;
		pmemfile_rename;
		pmemfile_renameat;
		pmemfile_renameat2;
		pmemfile_rmdir;
		pmemfile_setgroups;
		pmemfile_setfsgid;
		pmemfile_setfsuid;
		pmemfile_stat;
		pmemfile_symlink;
		pmemfile_symlinkat;
		pmemfile_truncate;
		pmemfile_umask;
		pmemfile_unlink;
		pmemfile_unlinkat;
		pmemfile_utimensat;
		pmemfile_utime;
		pmemfile_utimes;
		pmemfile_write;
		pmemfile_writev;

		pmemfile_stats;
	local:
		*;
};
